2025-11-21 15:04:29.125824Z	warn	base	config/default.go:401	no IP or interface name configured
2025-11-21 15:04:29.126248Z	info	base	api/config.go:293	global clock started
2025-11-21 15:04:29.126312Z	warn	base	config/default.go:401	no IP or interface name configured
2025-11-21 15:04:29.126342Z	info	base	api/config.go:321	
-------Start to init SDKContext of version 0.12.12, IP: , PID: 16599, UID: D3C1D88A-E767-46B6-81AD-49A89845312C, CONTAINER: , HOSTNAME:-------
2025-11-21 15:04:29.126406Z	info	base	grpc/operation_async.go:88	set grpc plugin as connectionCreator
2025-11-21 15:04:29.126477Z	info	base	plugin/manage.go:236	Initialized plugin type serverConnector, name grpc, id 30
2025-11-21 15:04:29.126522Z	info	base	plugin/manage.go:236	Initialized plugin type serviceRouter, name canaryRouter, id 12
2025-11-21 15:04:29.126530Z	info	base	plugin/manage.go:236	Initialized plugin type serviceRouter, name dstMetaRouter, id 13
2025-11-21 15:04:29.126535Z	info	base	plugin/manage.go:236	Initialized plugin type serviceRouter, name filterOnlyRouter, id 14
2025-11-21 15:04:29.126685Z	info	base	plugin/manage.go:236	Initialized plugin type serviceRouter, name nearbyBasedRouter, id 15
2025-11-21 15:04:29.126834Z	info	base	plugin/manage.go:236	Initialized plugin type serviceRouter, name ruleBasedRouter, id 16
2025-11-21 15:04:29.126839Z	info	base	plugin/manage.go:236	Initialized plugin type serviceRouter, name setDivisionRouter, id 17
2025-11-21 15:04:29.127005Z	info	base	plugin/manage.go:236	Initialized plugin type loadBalancer, name dynamicWeightedRandom, id 22
2025-11-21 15:04:29.127011Z	info	base	plugin/manage.go:236	Initialized plugin type loadBalancer, name hash, id 2
2025-11-21 15:04:29.127015Z	info	base	plugin/manage.go:236	Initialized plugin type loadBalancer, name maglev, id 3
2025-11-21 15:04:29.127019Z	info	base	plugin/manage.go:236	Initialized plugin type loadBalancer, name cMurmurHash, id 4
2025-11-21 15:04:29.127023Z	info	base	plugin/manage.go:236	Initialized plugin type loadBalancer, name l5cst, id 5
2025-11-21 15:04:29.127027Z	info	base	plugin/manage.go:236	Initialized plugin type loadBalancer, name ringHash, id 6
2025-11-21 15:04:29.127176Z	info	base	plugin/manage.go:236	Initialized plugin type loadBalancer, name weightedRandom, id 7
2025-11-21 15:04:29.127183Z	info	base	plugin/manage.go:236	Initialized plugin type outlierDetector, name http, id 8
2025-11-21 15:04:29.127188Z	info	base	plugin/manage.go:236	Initialized plugin type outlierDetector, name tcp, id 9
2025-11-21 15:04:29.127192Z	info	base	plugin/manage.go:236	Initialized plugin type outlierDetector, name udp, id 10
2025-11-21 15:04:29.127196Z	info	base	plugin/manage.go:236	Initialized plugin type circuitBreaker, name errorCheck, id 19
2025-11-21 15:04:29.127201Z	info	base	plugin/manage.go:236	Initialized plugin type circuitBreaker, name errorCount, id 20
2025-11-21 15:04:29.127206Z	info	base	plugin/manage.go:236	Initialized plugin type circuitBreaker, name errorRate, id 21
2025-11-21 15:04:29.127211Z	info	base	plugin/manage.go:236	Initialized plugin type weightAdjuster, name rateDelayAdjuster, id 18
2025-11-21 15:04:29.128218Z	info	base	plugin/manage.go:236	Initialized plugin type statReporter, name stat2Monitor, id 26
2025-11-21 15:04:29.128227Z	info	base	plugin/manage.go:236	Initialized plugin type statReporter, name rateLimitRecord, id 27
2025-11-21 15:04:29.128234Z	info	base	plugin/manage.go:236	Initialized plugin type statReporter, name serviceCache, id 28
2025-11-21 15:04:29.128240Z	info	base	plugin/manage.go:236	Initialized plugin type statReporter, name serviceRoute, id 29
2025-11-21 15:04:29.128245Z	info	base	plugin/manage.go:236	Initialized plugin type alarmReporter, name alarm2file, id 1
2025-11-21 15:04:29.128251Z	info	base	inmemory/inmemory.go:166	LocalCache Real persistDir:/Users/zhengbangli/polaris/backup
2025-11-21 15:04:29.128299Z	info	base	plugin/manage.go:236	Initialized plugin type localRegistry, name inmemory, id 23
2025-11-21 15:04:29.128305Z	info	base	plugin/manage.go:236	Initialized plugin type rateLimiter, name reject, id 11
2025-11-21 15:04:29.128312Z	info	base	plugin/manage.go:236	Initialized plugin type rateLimiter, name unirate, id 24
2025-11-21 15:04:29.128323Z	info	base	plugin/manage.go:236	Initialized plugin type subScribe, name subscribeLocalChannel, id 25
2025-11-21 15:04:29.129575Z	info	base	api/config.go:348	
D3C1D88A-E767-46B6-81AD-49A89845312C, -------Configuration with default value-------
global:
  system:
    mode: 0
    discoverCluster:
      namespace: Polaris
      service: polaris.discover
      refreshInterval: 1s
    healthCheckCluster:
      namespace: Polaris
      service: polaris.healthcheck
      refreshInterval: 10m0s
    monitorCluster:
      namespace: Polaris
      service: polaris.monitor
      refreshInterval: 10m0s
    rateLimitCluster: null
    metricCluster: null
    dynamicWeightCluster:
      namespace: Polaris
      service: polaris.dynamic.weight
      refreshInterval: 10m0s
    variables: {}
    apiVersion: v2
  api:
    timeout: 10s
    bindIf: ""
    bindIP: ""
    reportInterval: 10m0s
    maxRetryTimes: 1
    retryInterval: 1s
    location:
      region: ""
      zone: ""
      campus: ""
      enableUpdate: true
  serverConnector:
    addresses:
    - 9.141.64.64:8081
    backupAddresses: []
    protocol: grpc
    connectTimeout: 500ms
    messageTimeout: 1.5s
    watchTimeout: 1m0s
    connectionIdleTimeout: 3s
    requestQueueSize: 1000
    serverSwitchInterval: 2m0s
    reconnectInterval: 500ms
    apiVersion: v2
    joinPoint: ""
    plugin:
      grpc:
        maxCallRecvMsgSize: 52428800
  statReporter:
    enable: true
    chain:
    - stat2Monitor
    - serviceCache
    - rateLimitRecord
    - serviceRoute
    plugin:
      rateLimitRecord:
        reportInterval: 1m0s
      serviceCache:
        reportInterval: 3m0s
      serviceRoute:
        reportInterval: 5m0s
      stat2Monitor:
        metricsReportWindow: 1m0s
        metricsNumBuckets: 12
consumer:
  localCache:
    serviceExpireTime: 24h0m0s
    serviceRefreshInterval: 2s
    persistDir: $HOME/polaris/backup
    enablePersistence: null
    type: inmemory
    persistMaxWriteRetry: 5
    persistMaxReadRetry: 1
    persistRetryInterval: 1s
    persistAvailableInterval: 1m0s
    startUseFileCache: true
    pushEmptyProtection: false
    plugin: {}
  serviceRouter:
    chain:
    - ruleBasedRouter
    - nearbyBasedRouter
    plugin:
      nearbyBasedRouter:
        matchLevel: zone
        maxMatchLevel: ""
        strictNearby: false
        enableDegradeByUnhealthyPercent: true
        unhealthyPercentToDegrade: 100
    percentOfMinInstances: 0
    disableRouteSourceContinue: false
    enableRecoverAll: true
  loadbalancer:
    type: weightedRandom
    plugin:
      hash:
        hashFunction: murmur3
      maglev:
        hashFunction: murmur3
        tableSize: 65537
      ringHash:
        hashFunction: murmur3
        vnodeCount: 10
  circuitBreaker:
    enable: true
    checkPeriod: 30s
    chain:
    - errorCount
    - errorRate
    - errorCheck
    sleepWindow: 30s
    requestCountAfterHalfOpen: 10
    successCountAfterHalfOpen: 8
    recoverWindow: 1m0s
    recoverNumBuckets: 10
    plugin:
      errorCount:
        continuousErrorThreshold: 10
        metricStatTimeWindow: 1m0s
        metricNumBuckets: 10
      errorRate:
        requestVolumeThreshold: 10
        errorRatePercent: 50
        errorRateThreshold: 0
        metricStatTimeWindow: 1m0s
        metricNumBuckets: 5
  healthCheck:
    interval: 10s
    chain: []
    plugin:
      http:
        timeout: 100ms
        path: ""
      tcp:
        timeout: 100ms
        retry: 0
        send: ""
        receive: ""
      udp:
        timeout: 100ms
        retry: 0
        send: ""
        receive: ""
    when: never
    concurrency: 0
  subscribe:
    type: subscribeLocalChannel
    plugin:
      subscribeLocalChannel:
        channelBufferSize: 30
  servicesSpecific:
  - namespace: Polaris
    service: polaris.discover
    serviceRouter:
      chain:
      - dstMetaRouter
      - nearbyBasedRouter
      plugin:
        nearbyBasedRouter:
          matchLevel: region
          maxMatchLevel: ""
          strictNearby: false
          enableDegradeByUnhealthyPercent: true
          unhealthyPercentToDegrade: 100
      percentOfMinInstances: 0
      disableRouteSourceContinue: false
      enableRecoverAll: true
    circuitBreaker:
      enable: true
      checkPeriod: 30s
      chain:
      - errorCount
      - errorRate
      - errorCheck
      sleepWindow: 30s
      requestCountAfterHalfOpen: 10
      successCountAfterHalfOpen: 8
      recoverWindow: 1m0s
      recoverNumBuckets: 10
      plugin:
        errorCount:
          continuousErrorThreshold: 1
          metricStatTimeWindow: 1m0s
          metricNumBuckets: 10
        errorRate:
          requestVolumeThreshold: 10
          errorRatePercent: 50
          errorRateThreshold: 0
          metricStatTimeWindow: 1m0s
          metricNumBuckets: 5
    healthCheck:
      interval: 10s
      chain: []
      plugin:
        http:
          timeout: 100ms
          path: ""
        tcp:
          timeout: 100ms
          retry: 0
          send: ""
          receive: ""
        udp:
          timeout: 100ms
          retry: 0
          send: ""
          receive: ""
      when: never
      concurrency: 0
  - namespace: Polaris
    service: polaris.healthcheck
    serviceRouter:
      chain:
      - dstMetaRouter
      - nearbyBasedRouter
      plugin:
        nearbyBasedRouter:
          matchLevel: region
          maxMatchLevel: ""
          strictNearby: false
          enableDegradeByUnhealthyPercent: true
          unhealthyPercentToDegrade: 100
      percentOfMinInstances: 0
      disableRouteSourceContinue: false
      enableRecoverAll: true
    circuitBreaker:
      enable: true
      checkPeriod: 30s
      chain:
      - errorCount
      - errorRate
      - errorCheck
      sleepWindow: 30s
      requestCountAfterHalfOpen: 10
      successCountAfterHalfOpen: 8
      recoverWindow: 1m0s
      recoverNumBuckets: 10
      plugin:
        errorCount:
          continuousErrorThreshold: 1
          metricStatTimeWindow: 1m0s
          metricNumBuckets: 10
        errorRate:
          requestVolumeThreshold: 10
          errorRatePercent: 50
          errorRateThreshold: 0
          metricStatTimeWindow: 1m0s
          metricNumBuckets: 5
    healthCheck:
      interval: 10s
      chain: []
      plugin:
        http:
          timeout: 100ms
          path: ""
        tcp:
          timeout: 100ms
          retry: 0
          send: ""
          receive: ""
        udp:
          timeout: 100ms
          retry: 0
          send: ""
          receive: ""
      when: never
      concurrency: 0
  - namespace: Polaris
    service: polaris.monitor
    serviceRouter:
      chain:
      - dstMetaRouter
      - nearbyBasedRouter
      plugin:
        nearbyBasedRouter:
          matchLevel: region
          maxMatchLevel: ""
          strictNearby: false
          enableDegradeByUnhealthyPercent: true
          unhealthyPercentToDegrade: 100
      percentOfMinInstances: 0
      disableRouteSourceContinue: false
      enableRecoverAll: true
    circuitBreaker:
      enable: true
      checkPeriod: 30s
      chain:
      - errorCount
      - errorRate
      - errorCheck
      sleepWindow: 30s
      requestCountAfterHalfOpen: 10
      successCountAfterHalfOpen: 8
      recoverWindow: 1m0s
      recoverNumBuckets: 10
      plugin:
        errorCount:
          continuousErrorThreshold: 1
          metricStatTimeWindow: 1m0s
          metricNumBuckets: 10
        errorRate:
          requestVolumeThreshold: 10
          errorRatePercent: 50
          errorRateThreshold: 0
          metricStatTimeWindow: 1m0s
          metricNumBuckets: 5
    healthCheck:
      interval: 10s
      chain: []
      plugin:
        http:
          timeout: 100ms
          path: ""
        tcp:
          timeout: 100ms
          retry: 0
          send: ""
          receive: ""
        udp:
          timeout: 100ms
          retry: 0
          send: ""
          receive: ""
      when: never
      concurrency: 0
  - namespace: Polaris
    service: polaris.dynamic.weight
    serviceRouter:
      chain:
      - dstMetaRouter
      - nearbyBasedRouter
      plugin:
        nearbyBasedRouter:
          matchLevel: region
          maxMatchLevel: ""
          strictNearby: false
          enableDegradeByUnhealthyPercent: true
          unhealthyPercentToDegrade: 100
      percentOfMinInstances: 0
      disableRouteSourceContinue: false
      enableRecoverAll: true
    circuitBreaker:
      enable: true
      checkPeriod: 30s
      chain:
      - errorCount
      - errorRate
      - errorCheck
      sleepWindow: 30s
      requestCountAfterHalfOpen: 10
      successCountAfterHalfOpen: 8
      recoverWindow: 1m0s
      recoverNumBuckets: 10
      plugin:
        errorCount:
          continuousErrorThreshold: 1
          metricStatTimeWindow: 1m0s
          metricNumBuckets: 10
        errorRate:
          requestVolumeThreshold: 10
          errorRatePercent: 50
          errorRateThreshold: 0
          metricStatTimeWindow: 1m0s
          metricNumBuckets: 5
    healthCheck:
      interval: 10s
      chain: []
      plugin:
        http:
          timeout: 100ms
          path: ""
        tcp:
          timeout: 100ms
          retry: 0
          send: ""
          receive: ""
        udp:
          timeout: 100ms
          retry: 0
          send: ""
          receive: ""
      when: never
      concurrency: 0
provider:
  rateLimit:
    enable: true
    plugin:
      unirate:
        maxQueuingTime: 1s
    mode: "\x01"
    rateLimitCluster:
      namespace: ""
      service: ""
      refreshInterval: 10m0s
    maxWindowSize: 20000
    purgeInterval: 1m0s

2025-11-21 15:04:29.129589Z	info	base	api/config.go:353	
-------D3C1D88A-E767-46B6-81AD-49A89845312C, All plugins and engine initialized successfully-------
2025-11-21 15:04:29.129923Z	info	base	common/cache_persist.go:182	Start to load cache from /Users/zhengbangli/polaris/backup/client_info.json
2025-11-21 15:04:29.129990Z	info	base	network/impl.go:370	connectionManager start updateDiscover
2025-11-21 15:04:29.130006Z	warn	base	startup/client_report.go:72	fail to load local region info from client_info.json, err is load message from /Users/zhengbangli/polaris/backup/client_info.json failed after retry 0 times polaris-go version: 0.12.12, Polaris-3001(ErrCodeUnknown): fail to read file cache, cause: open /Users/zhengbangli/polaris/backup/client_info.json: permission denied
2025-11-21 15:04:29.130029Z	info	base	schedule/routines.go:228	item clientReportTask in task clientReportTask has added
2025-11-21 15:04:29.130037Z	info	base	schedule/routines.go:115	task clientReportTask started period 5m0s
2025-11-21 15:04:29.130044Z	info	base	schedule/routines.go:277	task clientReportTask has been started
2025-11-21 15:04:29.130049Z	info	base	schedule/routines.go:228	item sdkConfigReportTask in task sdkConfigReportTask has added
2025-11-21 15:04:29.130054Z	info	base	schedule/routines.go:115	task sdkConfigReportTask started period 2m30s
2025-11-21 15:04:29.130061Z	info	base	schedule/routines.go:277	task sdkConfigReportTask has been started
2025-11-21 15:04:29.130065Z	info	base	api/config.go:363	
-------D3C1D88A-E767-46B6-81AD-49A89845312C, All plugins and engine started successfully-------
2025-11-21 15:04:29.130068Z	info	base	inmemory/inmemory.go:1201	start to add load cache task for {namespace: "Polaris", service: "polaris.discover", event: instance}
2025-11-21 15:04:29.130081Z	info	base	inmemory/inmemory.go:550	D3C1D88A-E767-46B6-81AD-49A89845312C, start to register event handler for {namespace: "Polaris", service: "polaris.discover", event: instance}
2025-11-21 15:04:29.130071Z	info	base	api/config.go:371	
-------D3C1D88A-E767-46B6-81AD-49A89845312C, SDKContext init successfully-------
2025-11-21 15:04:29.130098Z	info	base	inmemory/inmemory.go:1201	start to add load cache task for {namespace: "Test", service: "shennong-backend-risk.test", event: instance}
2025-11-21 15:04:29.130105Z	info	base	inmemory/inmemory.go:550	D3C1D88A-E767-46B6-81AD-49A89845312C, start to register event handler for {namespace: "Test", service: "shennong-backend-risk.test", event: instance}
2025-11-21 15:04:29.130119Z	info	base	common/register.go:52	D3C1D88A-E767-46B6-81AD-49A89845312C, addTask: start to add first task for {namespace: "Test", service: "shennong-backend-risk.test", event: instance, initialized: firstTask}
2025-11-21 15:04:29.130112Z	info	base	common/register.go:52	D3C1D88A-E767-46B6-81AD-49A89845312C, addTask: start to add first task for {namespace: "Polaris", service: "polaris.discover", event: instance, initialized: firstTask}
2025-11-21 15:04:29.130125Z	info	base	common/register.go:65	D3C1D88A-E767-46B6-81AD-49A89845312C, addTask: finish add first task for {namespace: "Test", service: "shennong-backend-risk.test", event: instance, initialized: firstTask}
2025-11-21 15:04:29.130131Z	info	base	common/register.go:65	D3C1D88A-E767-46B6-81AD-49A89845312C, addTask: finish add first task for {namespace: "Polaris", service: "polaris.discover", event: instance, initialized: firstTask}
2025-11-21 15:04:29.130132Z	info	base	common/discover.go:181	receive init task: {namespace: "Test", service: "shennong-backend-risk.test", event: instance, initialized: firstTask}
2025-11-21 15:04:29.130148Z	info	base	inmemory/inmemory.go:552	D3C1D88A-E767-46B6-81AD-49A89845312C, finish register event handler for {namespace: "Test", service: "shennong-backend-risk.test", event: instance}, err <nil>
2025-11-21 15:04:29.130183Z	info	base	network/impl.go:410	get connection of discover for Discover
2025-11-21 15:04:29.130172Z	info	base	inmemory/inmemory.go:552	D3C1D88A-E767-46B6-81AD-49A89845312C, finish register event handler for {namespace: "Polaris", service: "polaris.discover", event: instance}, err <nil>
2025-11-21 15:04:29.130203Z	info	base	inmemory/inmemory.go:1201	start to add load cache task for {namespace: "Polaris", service: "polaris.discover", event: routing}
2025-11-21 15:04:29.130211Z	info	base	inmemory/inmemory.go:550	D3C1D88A-E767-46B6-81AD-49A89845312C, start to register event handler for {namespace: "Polaris", service: "polaris.discover", event: routing}
2025-11-21 15:04:29.130229Z	info	base	common/register.go:52	D3C1D88A-E767-46B6-81AD-49A89845312C, addTask: start to add first task for {namespace: "Polaris", service: "polaris.discover", event: routing, initialized: firstTask}
2025-11-21 15:04:29.130235Z	info	base	common/register.go:65	D3C1D88A-E767-46B6-81AD-49A89845312C, addTask: finish add first task for {namespace: "Polaris", service: "polaris.discover", event: routing, initialized: firstTask}
2025-11-21 15:04:29.130240Z	info	base	inmemory/inmemory.go:552	D3C1D88A-E767-46B6-81AD-49A89845312C, finish register event handler for {namespace: "Polaris", service: "polaris.discover", event: routing}, err <nil>
2025-11-21 15:04:29.130249Z	info	base	network/impl.go:410	get connection of builtin for System
2025-11-21 15:04:29.132610Z	info	base	grpc/creator.go:88	localAddress from connection is 30.20.170.49:56923, IP is 30.20.170.49, hashValue is 8804029340865530273
2025-11-21 15:04:29.230344Z	error	base	common/cache_persist.go:130	fail to load cache from file svcV2#Polaris#polaris.discover#instance.json, svcKey: {namespace: "Polaris", service: "polaris.discover", event: instance}, error is Fail to Stat the cache file name /Users/zhengbangli/polaris/backup/svcV2#Polaris#polaris.discover#instance.json:  stat /Users/zhengbangli/polaris/backup/svcV2#Polaris#polaris.discover#instance.json: no such file or directory
2025-11-21 15:04:29.230384Z	info	base	common/cache_persist.go:182	Start to load cache from /Users/zhengbangli/polaris/backup/svc#Polaris#polaris.discover#instance.json
2025-11-21 15:04:29.230454Z	error	base	common/cache_persist.go:130	fail to load cache from file svc#Polaris#polaris.discover#instance.json, svcKey: {namespace: "Polaris", service: "polaris.discover", event: instance}, error is load message from /Users/zhengbangli/polaris/backup/svc#Polaris#polaris.discover#instance.json failed after retry 0 times polaris-go version: 0.12.12, Polaris-3001(ErrCodeUnknown): fail to read file cache, cause: open /Users/zhengbangli/polaris/backup/svc#Polaris#polaris.discover#instance.json: permission denied
2025-11-21 15:04:29.230478Z	error	base	common/cache_persist.go:130	fail to load cache from file svcV2#Polaris#polaris.discover#routing.json, svcKey: {namespace: "Polaris", service: "polaris.discover", event: routing}, error is Fail to Stat the cache file name /Users/zhengbangli/polaris/backup/svcV2#Polaris#polaris.discover#routing.json:  stat /Users/zhengbangli/polaris/backup/svcV2#Polaris#polaris.discover#routing.json: no such file or directory
2025-11-21 15:04:29.230505Z	info	base	common/cache_persist.go:182	Start to load cache from /Users/zhengbangli/polaris/backup/svc#Polaris#polaris.discover#routing.json
2025-11-21 15:04:29.230533Z	error	base	common/cache_persist.go:130	fail to load cache from file svc#Polaris#polaris.discover#routing.json, svcKey: {namespace: "Polaris", service: "polaris.discover", event: routing}, error is load message from /Users/zhengbangli/polaris/backup/svc#Polaris#polaris.discover#routing.json failed after retry 0 times polaris-go version: 0.12.12, Polaris-3001(ErrCodeUnknown): fail to read file cache, cause: open /Users/zhengbangli/polaris/backup/svc#Polaris#polaris.discover#routing.json: permission denied
2025-11-21 15:04:29.230545Z	info	base	common/cache_persist.go:182	Start to load cache from /Users/zhengbangli/polaris/backup/svcV2#Test#shennong-backend-risk.test#instance.json
2025-11-21 15:04:29.230580Z	error	base	common/cache_persist.go:130	fail to load cache from file svcV2#Test#shennong-backend-risk.test#instance.json, svcKey: {namespace: "Test", service: "shennong-backend-risk.test", event: instance}, error is load message from /Users/zhengbangli/polaris/backup/svcV2#Test#shennong-backend-risk.test#instance.json failed after retry 0 times polaris-go version: 0.12.12, Polaris-3001(ErrCodeUnknown): fail to read file cache, cause: open /Users/zhengbangli/polaris/backup/svcV2#Test#shennong-backend-risk.test#instance.json: permission denied
2025-11-21 15:04:29.230596Z	error	base	common/cache_persist.go:130	fail to load cache from file svc#Test#shennong-backend-risk.test#instance.json, svcKey: {namespace: "Test", service: "shennong-backend-risk.test", event: instance}, error is Fail to Stat the cache file name /Users/zhengbangli/polaris/backup/svc#Test#shennong-backend-risk.test#instance.json:  stat /Users/zhengbangli/polaris/backup/svc#Test#shennong-backend-risk.test#instance.json: no such file or directory
2025-11-21 15:04:29.355717Z	info	base	inmemory/model.go:342	D3C1D88A-E767-46B6-81AD-49A89845312C, OnServiceUpdate: {namespace: "Polaris", service: "polaris.discover", event: instance}, status: CacheChanged, pending to update, oldRevision: , newRevision: 8a887b3d58f68a54aebfe3d471a12900a5aa4502
2025-11-21 15:04:29.355756Z	info	base	inmemory/model.go:540	CacheObject: value for {namespace: "Polaris", service: "polaris.discover", event: instance} is updated, revision 8a887b3d58f68a54aebfe3d471a12900a5aa4502
2025-11-21 15:04:29.355767Z	info	base	network/impl.go:577	discover server updated to ready 1, event is {namespace: "Polaris", service: "polaris.discover", event: instance}
2025-11-21 15:04:29.355779Z	info	base	network/conn.go:116	release connection: {ID:1624903038,Address:9.141.64.64:8081,Service:{ServiceKey: {namespace: "Polaris", service: "polaris-default"}, ClusterType: builtin}}
2025-11-21 15:04:29.355795Z	info	base	network/impl.go:410	get connection of builtin for System
2025-11-21 15:04:29.405404Z	info	base	inmemory/model.go:342	D3C1D88A-E767-46B6-81AD-49A89845312C, OnServiceUpdate: {namespace: "Polaris", service: "polaris.discover", event: routing}, status: CacheChanged, pending to update, oldRevision: , newRevision: 
2025-11-21 15:04:29.405422Z	info	base	inmemory/model.go:540	CacheObject: value for {namespace: "Polaris", service: "polaris.discover", event: routing} is updated, revision 
2025-11-21 15:04:29.405431Z	info	base	network/impl.go:577	discover server updated to ready 2, event is {namespace: "Polaris", service: "polaris.discover", event: routing}
2025-11-21 15:04:29.405451Z	info	base	network/conn.go:116	release connection: {ID:1624903038,Address:9.141.64.64:8081,Service:{ServiceKey: {namespace: "Polaris", service: "polaris-default"}, ClusterType: builtin}}
2025-11-21 15:04:29.405457Z	info	base	serviceinfo/service_info.go:277	service instances of {namespace: "Polaris", service: "polaris.discover"} change, oldRevision , newRevision 8a887b3d58f68a54aebfe3d471a12900a5aa4502, oldCount 0, newCount 6
2025-11-21 15:04:29.405495Z	info	base	serviceinfo/service_info.go:280	add instance of {namespace: "Polaris", service: "polaris.discover"}: 9.141.64.64:8091, status: healthy:true;isolate:false;weight:100
2025-11-21 15:04:29.405499Z	warn	base	flow/sync_flow.go:177	retryTimes 0 equals maxRetryTimes 0, get {namespace: "Polaris", service: "polaris.discover"} from cache
2025-11-21 15:04:29.405504Z	info	base	serviceinfo/service_info.go:280	add instance of {namespace: "Polaris", service: "polaris.discover"}: 30.163.16.111:8080, status: healthy:true;isolate:false;weight:100
2025-11-21 15:04:29.405538Z	info	base	serviceinfo/service_info.go:280	add instance of {namespace: "Polaris", service: "polaris.discover"}: 30.163.16.111:8091, status: healthy:true;isolate:false;weight:100
2025-11-21 15:04:29.405544Z	info	base	serviceinfo/service_info.go:280	add instance of {namespace: "Polaris", service: "polaris.discover"}: 30.163.16.111:8081, status: healthy:true;isolate:false;weight:100
2025-11-21 15:04:29.405548Z	info	base	serviceinfo/service_info.go:280	add instance of {namespace: "Polaris", service: "polaris.discover"}: 9.141.64.64:8081, status: healthy:true;isolate:false;weight:100
2025-11-21 15:04:29.405553Z	info	base	serviceinfo/service_info.go:280	add instance of {namespace: "Polaris", service: "polaris.discover"}: 9.141.64.64:8080, status: healthy:true;isolate:false;weight:100
2025-11-21 15:04:29.405559Z	info	base	schedule/routines.go:228	item {namespace: "Polaris", service: "polaris.discover"} in task circuitBreakTask has added
2025-11-21 15:04:29.405913Z	info	base	schedule/routines.go:112	task circuitBreakTask started priority
2025-11-21 15:04:29.405942Z	warn	base	flow/sync_flow.go:177	retryTimes 0 equals maxRetryTimes 0, get {namespace: "Polaris", service: "polaris.discover"} from cache
2025-11-21 15:04:29.409476Z	info	base	grpc/operation_sync.go:181	D3C1D88A-E767-46B6-81AD-49A89845312C, waitDiscover: discover service is ready
2025-11-21 15:04:29.409510Z	info	base	network/impl.go:410	get connection of discover for ReportClient
2025-11-21 15:04:29.430138Z	info	base	common/cache_persist.go:255	Start to save cache to file /Users/zhengbangli/polaris/backup/svc#Polaris#polaris.discover#routing.json
2025-11-21 15:04:29.556252Z	info	base	inmemory/model.go:342	D3C1D88A-E767-46B6-81AD-49A89845312C, OnServiceUpdate: {namespace: "Test", service: "shennong-backend-risk.test", event: instance}, status: CacheChanged, pending to update, oldRevision: , newRevision: b676591762c4750e3542d0335ca79998b68f316d
2025-11-21 15:04:29.556289Z	info	base	inmemory/model.go:540	CacheObject: value for {namespace: "Test", service: "shennong-backend-risk.test", event: instance} is updated, revision b676591762c4750e3542d0335ca79998b68f316d
2025-11-21 15:04:29.556335Z	info	base	serviceinfo/service_info.go:277	service instances of {namespace: "Test", service: "shennong-backend-risk.test"} change, oldRevision , newRevision b676591762c4750e3542d0335ca79998b68f316d, oldCount 0, newCount 2
2025-11-21 15:04:29.556352Z	info	base	serviceinfo/service_info.go:280	add instance of {namespace: "Test", service: "shennong-backend-risk.test"}: 21.241.245.117:8080, status: healthy:true;isolate:false;weight:100
2025-11-21 15:04:29.556359Z	info	base	serviceinfo/service_info.go:280	add instance of {namespace: "Test", service: "shennong-backend-risk.test"}: 21.97.110.183:8080, status: healthy:true;isolate:false;weight:100
2025-11-21 15:04:29.556370Z	info	base	schedule/routines.go:228	item {namespace: "Test", service: "shennong-backend-risk.test"} in task circuitBreakTask has added
2025-11-21 15:05:59.825883Z	warn	base	config/default.go:401	no IP or interface name configured
2025-11-21 15:05:59.826535Z	info	base	api/config.go:293	global clock started
2025-11-21 15:05:59.826641Z	warn	base	config/default.go:401	no IP or interface name configured
2025-11-21 15:05:59.826684Z	info	base	api/config.go:321	
-------Start to init SDKContext of version 0.12.12, IP: , PID: 17242, UID: 99642A0A-B359-45EE-B7D5-EA58401699B2, CONTAINER: , HOSTNAME:-------
2025-11-21 15:05:59.826763Z	info	base	grpc/operation_async.go:88	set grpc plugin as connectionCreator
2025-11-21 15:05:59.826839Z	info	base	plugin/manage.go:236	Initialized plugin type serverConnector, name grpc, id 30
2025-11-21 15:05:59.827049Z	info	base	plugin/manage.go:236	Initialized plugin type serviceRouter, name ruleBasedRouter, id 16
2025-11-21 15:05:59.827055Z	info	base	plugin/manage.go:236	Initialized plugin type serviceRouter, name setDivisionRouter, id 17
2025-11-21 15:05:59.827060Z	info	base	plugin/manage.go:236	Initialized plugin type serviceRouter, name canaryRouter, id 12
2025-11-21 15:05:59.827064Z	info	base	plugin/manage.go:236	Initialized plugin type serviceRouter, name dstMetaRouter, id 13
2025-11-21 15:05:59.827068Z	info	base	plugin/manage.go:236	Initialized plugin type serviceRouter, name filterOnlyRouter, id 14
2025-11-21 15:05:59.827228Z	info	base	plugin/manage.go:236	Initialized plugin type serviceRouter, name nearbyBasedRouter, id 15
2025-11-21 15:05:59.827233Z	info	base	plugin/manage.go:236	Initialized plugin type loadBalancer, name hash, id 2
2025-11-21 15:05:59.827237Z	info	base	plugin/manage.go:236	Initialized plugin type loadBalancer, name maglev, id 3
2025-11-21 15:05:59.827241Z	info	base	plugin/manage.go:236	Initialized plugin type loadBalancer, name cMurmurHash, id 4
2025-11-21 15:05:59.827245Z	info	base	plugin/manage.go:236	Initialized plugin type loadBalancer, name l5cst, id 5
2025-11-21 15:05:59.827248Z	info	base	plugin/manage.go:236	Initialized plugin type loadBalancer, name ringHash, id 6
2025-11-21 15:05:59.827499Z	info	base	plugin/manage.go:236	Initialized plugin type loadBalancer, name weightedRandom, id 7
2025-11-21 15:05:59.827714Z	info	base	plugin/manage.go:236	Initialized plugin type loadBalancer, name dynamicWeightedRandom, id 22
2025-11-21 15:05:59.827723Z	info	base	plugin/manage.go:236	Initialized plugin type outlierDetector, name http, id 8
2025-11-21 15:05:59.827728Z	info	base	plugin/manage.go:236	Initialized plugin type outlierDetector, name tcp, id 9
2025-11-21 15:05:59.827732Z	info	base	plugin/manage.go:236	Initialized plugin type outlierDetector, name udp, id 10
2025-11-21 15:05:59.827737Z	info	base	plugin/manage.go:236	Initialized plugin type circuitBreaker, name errorCount, id 20
2025-11-21 15:05:59.827742Z	info	base	plugin/manage.go:236	Initialized plugin type circuitBreaker, name errorRate, id 21
2025-11-21 15:05:59.827745Z	info	base	plugin/manage.go:236	Initialized plugin type circuitBreaker, name errorCheck, id 19
2025-11-21 15:05:59.827748Z	info	base	plugin/manage.go:236	Initialized plugin type weightAdjuster, name rateDelayAdjuster, id 18
2025-11-21 15:05:59.829076Z	info	base	plugin/manage.go:236	Initialized plugin type statReporter, name stat2Monitor, id 26
2025-11-21 15:05:59.829085Z	info	base	plugin/manage.go:236	Initialized plugin type statReporter, name rateLimitRecord, id 27
2025-11-21 15:05:59.829094Z	info	base	plugin/manage.go:236	Initialized plugin type statReporter, name serviceCache, id 28
2025-11-21 15:05:59.829099Z	info	base	plugin/manage.go:236	Initialized plugin type statReporter, name serviceRoute, id 29
2025-11-21 15:05:59.829103Z	info	base	plugin/manage.go:236	Initialized plugin type alarmReporter, name alarm2file, id 1
2025-11-21 15:05:59.829110Z	info	base	inmemory/inmemory.go:166	LocalCache Real persistDir:/Users/zhengbangli/polaris/backup
2025-11-21 15:05:59.829176Z	info	base	plugin/manage.go:236	Initialized plugin type localRegistry, name inmemory, id 23
2025-11-21 15:05:59.829181Z	info	base	plugin/manage.go:236	Initialized plugin type rateLimiter, name reject, id 11
2025-11-21 15:05:59.829187Z	info	base	plugin/manage.go:236	Initialized plugin type rateLimiter, name unirate, id 24
2025-11-21 15:05:59.829192Z	info	base	plugin/manage.go:236	Initialized plugin type subScribe, name subscribeLocalChannel, id 25
2025-11-21 15:05:59.830593Z	info	base	api/config.go:348	
99642A0A-B359-45EE-B7D5-EA58401699B2, -------Configuration with default value-------
global:
  system:
    mode: 0
    discoverCluster:
      namespace: Polaris
      service: polaris.discover
      refreshInterval: 1s
    healthCheckCluster:
      namespace: Polaris
      service: polaris.healthcheck
      refreshInterval: 10m0s
    monitorCluster:
      namespace: Polaris
      service: polaris.monitor
      refreshInterval: 10m0s
    rateLimitCluster: null
    metricCluster: null
    dynamicWeightCluster:
      namespace: Polaris
      service: polaris.dynamic.weight
      refreshInterval: 10m0s
    variables: {}
    apiVersion: v2
  api:
    timeout: 10s
    bindIf: ""
    bindIP: ""
    reportInterval: 10m0s
    maxRetryTimes: 1
    retryInterval: 1s
    location:
      region: ""
      zone: ""
      campus: ""
      enableUpdate: true
  serverConnector:
    addresses:
    - 9.141.64.64:8081
    backupAddresses: []
    protocol: grpc
    connectTimeout: 500ms
    messageTimeout: 1.5s
    watchTimeout: 1m0s
    connectionIdleTimeout: 3s
    requestQueueSize: 1000
    serverSwitchInterval: 2m0s
    reconnectInterval: 500ms
    apiVersion: v2
    joinPoint: ""
    plugin:
      grpc:
        maxCallRecvMsgSize: 52428800
  statReporter:
    enable: true
    chain:
    - stat2Monitor
    - serviceCache
    - rateLimitRecord
    - serviceRoute
    plugin:
      rateLimitRecord:
        reportInterval: 1m0s
      serviceCache:
        reportInterval: 3m0s
      serviceRoute:
        reportInterval: 5m0s
      stat2Monitor:
        metricsReportWindow: 1m0s
        metricsNumBuckets: 12
consumer:
  localCache:
    serviceExpireTime: 24h0m0s
    serviceRefreshInterval: 2s
    persistDir: $HOME/polaris/backup
    enablePersistence: null
    type: inmemory
    persistMaxWriteRetry: 5
    persistMaxReadRetry: 1
    persistRetryInterval: 1s
    persistAvailableInterval: 1m0s
    startUseFileCache: true
    pushEmptyProtection: false
    plugin: {}
  serviceRouter:
    chain:
    - ruleBasedRouter
    - nearbyBasedRouter
    plugin:
      nearbyBasedRouter:
        matchLevel: zone
        maxMatchLevel: ""
        strictNearby: false
        enableDegradeByUnhealthyPercent: true
        unhealthyPercentToDegrade: 100
    percentOfMinInstances: 0
    disableRouteSourceContinue: false
    enableRecoverAll: true
  loadbalancer:
    type: weightedRandom
    plugin:
      hash:
        hashFunction: murmur3
      maglev:
        hashFunction: murmur3
        tableSize: 65537
      ringHash:
        hashFunction: murmur3
        vnodeCount: 10
  circuitBreaker:
    enable: true
    checkPeriod: 30s
    chain:
    - errorCount
    - errorRate
    - errorCheck
    sleepWindow: 30s
    requestCountAfterHalfOpen: 10
    successCountAfterHalfOpen: 8
    recoverWindow: 1m0s
    recoverNumBuckets: 10
    plugin:
      errorCount:
        continuousErrorThreshold: 10
        metricStatTimeWindow: 1m0s
        metricNumBuckets: 10
      errorRate:
        requestVolumeThreshold: 10
        errorRatePercent: 50
        errorRateThreshold: 0
        metricStatTimeWindow: 1m0s
        metricNumBuckets: 5
  healthCheck:
    interval: 10s
    chain: []
    plugin:
      http:
        timeout: 100ms
        path: ""
      tcp:
        timeout: 100ms
        retry: 0
        send: ""
        receive: ""
      udp:
        timeout: 100ms
        retry: 0
        send: ""
        receive: ""
    when: never
    concurrency: 0
  subscribe:
    type: subscribeLocalChannel
    plugin:
      subscribeLocalChannel:
        channelBufferSize: 30
  servicesSpecific:
  - namespace: Polaris
    service: polaris.discover
    serviceRouter:
      chain:
      - dstMetaRouter
      - nearbyBasedRouter
      plugin:
        nearbyBasedRouter:
          matchLevel: region
          maxMatchLevel: ""
          strictNearby: false
          enableDegradeByUnhealthyPercent: true
          unhealthyPercentToDegrade: 100
      percentOfMinInstances: 0
      disableRouteSourceContinue: false
      enableRecoverAll: true
    circuitBreaker:
      enable: true
      checkPeriod: 30s
      chain:
      - errorCount
      - errorRate
      - errorCheck
      sleepWindow: 30s
      requestCountAfterHalfOpen: 10
      successCountAfterHalfOpen: 8
      recoverWindow: 1m0s
      recoverNumBuckets: 10
      plugin:
        errorCount:
          continuousErrorThreshold: 1
          metricStatTimeWindow: 1m0s
          metricNumBuckets: 10
        errorRate:
          requestVolumeThreshold: 10
          errorRatePercent: 50
          errorRateThreshold: 0
          metricStatTimeWindow: 1m0s
          metricNumBuckets: 5
    healthCheck:
      interval: 10s
      chain: []
      plugin:
        http:
          timeout: 100ms
          path: ""
        tcp:
          timeout: 100ms
          retry: 0
          send: ""
          receive: ""
        udp:
          timeout: 100ms
          retry: 0
          send: ""
          receive: ""
      when: never
      concurrency: 0
  - namespace: Polaris
    service: polaris.healthcheck
    serviceRouter:
      chain:
      - dstMetaRouter
      - nearbyBasedRouter
      plugin:
        nearbyBasedRouter:
          matchLevel: region
          maxMatchLevel: ""
          strictNearby: false
          enableDegradeByUnhealthyPercent: true
          unhealthyPercentToDegrade: 100
      percentOfMinInstances: 0
      disableRouteSourceContinue: false
      enableRecoverAll: true
    circuitBreaker:
      enable: true
      checkPeriod: 30s
      chain:
      - errorCount
      - errorRate
      - errorCheck
      sleepWindow: 30s
      requestCountAfterHalfOpen: 10
      successCountAfterHalfOpen: 8
      recoverWindow: 1m0s
      recoverNumBuckets: 10
      plugin:
        errorCount:
          continuousErrorThreshold: 1
          metricStatTimeWindow: 1m0s
          metricNumBuckets: 10
        errorRate:
          requestVolumeThreshold: 10
          errorRatePercent: 50
          errorRateThreshold: 0
          metricStatTimeWindow: 1m0s
          metricNumBuckets: 5
    healthCheck:
      interval: 10s
      chain: []
      plugin:
        http:
          timeout: 100ms
          path: ""
        tcp:
          timeout: 100ms
          retry: 0
          send: ""
          receive: ""
        udp:
          timeout: 100ms
          retry: 0
          send: ""
          receive: ""
      when: never
      concurrency: 0
  - namespace: Polaris
    service: polaris.monitor
    serviceRouter:
      chain:
      - dstMetaRouter
      - nearbyBasedRouter
      plugin:
        nearbyBasedRouter:
          matchLevel: region
          maxMatchLevel: ""
          strictNearby: false
          enableDegradeByUnhealthyPercent: true
          unhealthyPercentToDegrade: 100
      percentOfMinInstances: 0
      disableRouteSourceContinue: false
      enableRecoverAll: true
    circuitBreaker:
      enable: true
      checkPeriod: 30s
      chain:
      - errorCount
      - errorRate
      - errorCheck
      sleepWindow: 30s
      requestCountAfterHalfOpen: 10
      successCountAfterHalfOpen: 8
      recoverWindow: 1m0s
      recoverNumBuckets: 10
      plugin:
        errorCount:
          continuousErrorThreshold: 1
          metricStatTimeWindow: 1m0s
          metricNumBuckets: 10
        errorRate:
          requestVolumeThreshold: 10
          errorRatePercent: 50
          errorRateThreshold: 0
          metricStatTimeWindow: 1m0s
          metricNumBuckets: 5
    healthCheck:
      interval: 10s
      chain: []
      plugin:
        http:
          timeout: 100ms
          path: ""
        tcp:
          timeout: 100ms
          retry: 0
          send: ""
          receive: ""
        udp:
          timeout: 100ms
          retry: 0
          send: ""
          receive: ""
      when: never
      concurrency: 0
  - namespace: Polaris
    service: polaris.dynamic.weight
    serviceRouter:
      chain:
      - dstMetaRouter
      - nearbyBasedRouter
      plugin:
        nearbyBasedRouter:
          matchLevel: region
          maxMatchLevel: ""
          strictNearby: false
          enableDegradeByUnhealthyPercent: true
          unhealthyPercentToDegrade: 100
      percentOfMinInstances: 0
      disableRouteSourceContinue: false
      enableRecoverAll: true
    circuitBreaker:
      enable: true
      checkPeriod: 30s
      chain:
      - errorCount
      - errorRate
      - errorCheck
      sleepWindow: 30s
      requestCountAfterHalfOpen: 10
      successCountAfterHalfOpen: 8
      recoverWindow: 1m0s
      recoverNumBuckets: 10
      plugin:
        errorCount:
          continuousErrorThreshold: 1
          metricStatTimeWindow: 1m0s
          metricNumBuckets: 10
        errorRate:
          requestVolumeThreshold: 10
          errorRatePercent: 50
          errorRateThreshold: 0
          metricStatTimeWindow: 1m0s
          metricNumBuckets: 5
    healthCheck:
      interval: 10s
      chain: []
      plugin:
        http:
          timeout: 100ms
          path: ""
        tcp:
          timeout: 100ms
          retry: 0
          send: ""
          receive: ""
        udp:
          timeout: 100ms
          retry: 0
          send: ""
          receive: ""
      when: never
      concurrency: 0
provider:
  rateLimit:
    enable: true
    plugin:
      unirate:
        maxQueuingTime: 1s
    mode: "\x01"
    rateLimitCluster:
      namespace: ""
      service: ""
      refreshInterval: 10m0s
    maxWindowSize: 20000
    purgeInterval: 1m0s

2025-11-21 15:05:59.830618Z	info	base	api/config.go:353	
-------99642A0A-B359-45EE-B7D5-EA58401699B2, All plugins and engine initialized successfully-------
2025-11-21 15:05:59.830780Z	info	base	network/impl.go:370	connectionManager start updateDiscover
2025-11-21 15:05:59.830724Z	info	base	common/cache_persist.go:182	Start to load cache from /Users/zhengbangli/polaris/backup/client_info.json
2025-11-21 15:05:59.831097Z	warn	base	startup/client_report.go:72	fail to load local region info from client_info.json, err is load message from /Users/zhengbangli/polaris/backup/client_info.json failed after retry 0 times polaris-go version: 0.12.12, Polaris-3001(ErrCodeUnknown): fail to read file cache, cause: open /Users/zhengbangli/polaris/backup/client_info.json: permission denied
2025-11-21 15:05:59.831249Z	info	base	schedule/routines.go:228	item clientReportTask in task clientReportTask has added
2025-11-21 15:05:59.831258Z	info	base	schedule/routines.go:115	task clientReportTask started period 5m0s
2025-11-21 15:05:59.831266Z	info	base	schedule/routines.go:277	task clientReportTask has been started
2025-11-21 15:05:59.831272Z	info	base	schedule/routines.go:228	item sdkConfigReportTask in task sdkConfigReportTask has added
2025-11-21 15:05:59.831277Z	info	base	schedule/routines.go:115	task sdkConfigReportTask started period 2m30s
2025-11-21 15:05:59.831282Z	info	base	schedule/routines.go:277	task sdkConfigReportTask has been started
2025-11-21 15:05:59.831289Z	info	base	api/config.go:363	
-------99642A0A-B359-45EE-B7D5-EA58401699B2, All plugins and engine started successfully-------
2025-11-21 15:05:59.831296Z	info	base	api/config.go:371	
-------99642A0A-B359-45EE-B7D5-EA58401699B2, SDKContext init successfully-------
2025-11-21 15:05:59.831309Z	info	base	inmemory/inmemory.go:1201	start to add load cache task for {namespace: "Test", service: "polaris.redis.discover", event: instance}
2025-11-21 15:05:59.831317Z	info	base	inmemory/inmemory.go:550	99642A0A-B359-45EE-B7D5-EA58401699B2, start to register event handler for {namespace: "Test", service: "polaris.redis.discover", event: instance}
2025-11-21 15:05:59.831381Z	info	base	inmemory/inmemory.go:1201	start to add load cache task for {namespace: "Polaris", service: "polaris.discover", event: instance}
2025-11-21 15:05:59.831392Z	info	base	inmemory/inmemory.go:550	99642A0A-B359-45EE-B7D5-EA58401699B2, start to register event handler for {namespace: "Polaris", service: "polaris.discover", event: instance}
2025-11-21 15:05:59.831521Z	info	base	common/register.go:52	99642A0A-B359-45EE-B7D5-EA58401699B2, addTask: start to add first task for {namespace: "Test", service: "polaris.redis.discover", event: instance, initialized: firstTask}
2025-11-21 15:05:59.831539Z	info	base	common/register.go:65	99642A0A-B359-45EE-B7D5-EA58401699B2, addTask: finish add first task for {namespace: "Test", service: "polaris.redis.discover", event: instance, initialized: firstTask}
2025-11-21 15:05:59.831544Z	info	base	inmemory/inmemory.go:552	99642A0A-B359-45EE-B7D5-EA58401699B2, finish register event handler for {namespace: "Test", service: "polaris.redis.discover", event: instance}, err <nil>
2025-11-21 15:05:59.831523Z	info	base	common/register.go:52	99642A0A-B359-45EE-B7D5-EA58401699B2, addTask: start to add first task for {namespace: "Polaris", service: "polaris.discover", event: instance, initialized: firstTask}
2025-11-21 15:05:59.831555Z	info	base	common/discover.go:181	receive init task: {namespace: "Test", service: "polaris.redis.discover", event: instance, initialized: firstTask}
2025-11-21 15:05:59.831557Z	info	base	common/register.go:65	99642A0A-B359-45EE-B7D5-EA58401699B2, addTask: finish add first task for {namespace: "Polaris", service: "polaris.discover", event: instance, initialized: firstTask}
2025-11-21 15:05:59.831566Z	info	base	network/impl.go:410	get connection of discover for Discover
2025-11-21 15:05:59.831568Z	info	base	inmemory/inmemory.go:552	99642A0A-B359-45EE-B7D5-EA58401699B2, finish register event handler for {namespace: "Polaris", service: "polaris.discover", event: instance}, err <nil>
2025-11-21 15:05:59.831580Z	info	base	inmemory/inmemory.go:1201	start to add load cache task for {namespace: "Polaris", service: "polaris.discover", event: routing}
2025-11-21 15:05:59.831585Z	info	base	inmemory/inmemory.go:550	99642A0A-B359-45EE-B7D5-EA58401699B2, start to register event handler for {namespace: "Polaris", service: "polaris.discover", event: routing}
2025-11-21 15:05:59.831679Z	info	base	common/register.go:52	99642A0A-B359-45EE-B7D5-EA58401699B2, addTask: start to add first task for {namespace: "Polaris", service: "polaris.discover", event: routing, initialized: firstTask}
2025-11-21 15:05:59.831686Z	info	base	common/register.go:65	99642A0A-B359-45EE-B7D5-EA58401699B2, addTask: finish add first task for {namespace: "Polaris", service: "polaris.discover", event: routing, initialized: firstTask}
2025-11-21 15:05:59.831691Z	info	base	inmemory/inmemory.go:552	99642A0A-B359-45EE-B7D5-EA58401699B2, finish register event handler for {namespace: "Polaris", service: "polaris.discover", event: routing}, err <nil>
2025-11-21 15:05:59.831703Z	info	base	network/impl.go:410	get connection of builtin for System
2025-11-21 15:05:59.834496Z	info	base	grpc/creator.go:88	localAddress from connection is 30.20.170.49:63753, IP is 30.20.170.49, hashValue is 8804029340865530273
2025-11-21 15:05:59.931279Z	error	base	common/cache_persist.go:130	fail to load cache from file svcV2#Test#polaris.redis.discover#instance.json, svcKey: {namespace: "Test", service: "polaris.redis.discover", event: instance}, error is Fail to Stat the cache file name /Users/zhengbangli/polaris/backup/svcV2#Test#polaris.redis.discover#instance.json:  stat /Users/zhengbangli/polaris/backup/svcV2#Test#polaris.redis.discover#instance.json: no such file or directory
2025-11-21 15:05:59.931348Z	error	base	common/cache_persist.go:130	fail to load cache from file svc#Test#polaris.redis.discover#instance.json, svcKey: {namespace: "Test", service: "polaris.redis.discover", event: instance}, error is Fail to Stat the cache file name /Users/zhengbangli/polaris/backup/svc#Test#polaris.redis.discover#instance.json:  stat /Users/zhengbangli/polaris/backup/svc#Test#polaris.redis.discover#instance.json: no such file or directory
2025-11-21 15:05:59.931384Z	error	base	common/cache_persist.go:130	fail to load cache from file svcV2#Polaris#polaris.discover#routing.json, svcKey: {namespace: "Polaris", service: "polaris.discover", event: routing}, error is Fail to Stat the cache file name /Users/zhengbangli/polaris/backup/svcV2#Polaris#polaris.discover#routing.json:  stat /Users/zhengbangli/polaris/backup/svcV2#Polaris#polaris.discover#routing.json: no such file or directory
2025-11-21 15:05:59.931434Z	info	base	common/cache_persist.go:182	Start to load cache from /Users/zhengbangli/polaris/backup/svc#Polaris#polaris.discover#routing.json
2025-11-21 15:05:59.931532Z	error	base	common/cache_persist.go:130	fail to load cache from file svc#Polaris#polaris.discover#routing.json, svcKey: {namespace: "Polaris", service: "polaris.discover", event: routing}, error is load message from /Users/zhengbangli/polaris/backup/svc#Polaris#polaris.discover#routing.json failed after retry 0 times polaris-go version: 0.12.12, Polaris-3001(ErrCodeUnknown): fail to read file cache, cause: open /Users/zhengbangli/polaris/backup/svc#Polaris#polaris.discover#routing.json: permission denied
2025-11-21 15:05:59.931553Z	error	base	common/cache_persist.go:130	fail to load cache from file svcV2#Polaris#polaris.discover#instance.json, svcKey: {namespace: "Polaris", service: "polaris.discover", event: instance}, error is Fail to Stat the cache file name /Users/zhengbangli/polaris/backup/svcV2#Polaris#polaris.discover#instance.json:  stat /Users/zhengbangli/polaris/backup/svcV2#Polaris#polaris.discover#instance.json: no such file or directory
2025-11-21 15:05:59.931569Z	info	base	common/cache_persist.go:182	Start to load cache from /Users/zhengbangli/polaris/backup/svc#Polaris#polaris.discover#instance.json
2025-11-21 15:05:59.931615Z	error	base	common/cache_persist.go:130	fail to load cache from file svc#Polaris#polaris.discover#instance.json, svcKey: {namespace: "Polaris", service: "polaris.discover", event: instance}, error is load message from /Users/zhengbangli/polaris/backup/svc#Polaris#polaris.discover#instance.json failed after retry 0 times polaris-go version: 0.12.12, Polaris-3001(ErrCodeUnknown): fail to read file cache, cause: open /Users/zhengbangli/polaris/backup/svc#Polaris#polaris.discover#instance.json: permission denied
2025-11-21 15:06:00.131688Z	error	base	flow/sync_flow.go:182	fail to get resource of {namespace: "Polaris", service: "polaris.discover"} for timeout, retryTimes: 0, total consumed time: 300.739625ms, total sleep time: 0s
2025-11-21 15:06:00.131742Z	error	base	flow/sync_flow.go:186	retry times exceed 0 in SyncGetResources, serviceKey: {namespace: "Polaris", service: "polaris.discover"}, timeout is 300ms
2025-11-21 15:06:00.131778Z	error	base	flow/sync_flow.go:182	fail to get resource of {namespace: "Polaris", service: "polaris.discover"} for timeout, retryTimes: 0, total consumed time: 300.739625ms, total sleep time: 0s
2025-11-21 15:06:00.131806Z	error	base	flow/sync_flow.go:186	retry times exceed 0 in SyncGetResources, serviceKey: {namespace: "Polaris", service: "polaris.discover"}, timeout is 300ms
2025-11-21 15:06:00.131819Z	error	base	network/impl.go:374	connectionManager get discover service err: polaris-go version: 0.12.12, Polaris-1004(ErrCodeAPITimeoutError): retry times exceed 0 in SyncGetResources, serviceKey: {namespace: "Polaris", service: "polaris.discover"}, timeout is 300ms
2025-11-21 15:06:00.141908Z	info	base	network/impl.go:370	connectionManager start updateDiscover
2025-11-21 15:06:00.151166Z	info	base	network/impl.go:410	get connection of discover for Discover
2025-11-21 15:06:00.321594Z	info	base	inmemory/model.go:342	99642A0A-B359-45EE-B7D5-EA58401699B2, OnServiceUpdate: {namespace: "Polaris", service: "polaris.discover", event: instance}, status: CacheChanged, pending to update, oldRevision: , newRevision: 8a887b3d58f68a54aebfe3d471a12900a5aa4502
2025-11-21 15:06:00.321629Z	info	base	inmemory/model.go:540	CacheObject: value for {namespace: "Polaris", service: "polaris.discover", event: instance} is updated, revision 8a887b3d58f68a54aebfe3d471a12900a5aa4502
2025-11-21 15:06:00.321638Z	info	base	network/impl.go:577	discover server updated to ready 1, event is {namespace: "Polaris", service: "polaris.discover", event: instance}
2025-11-21 15:06:00.321649Z	info	base	network/conn.go:116	release connection: {ID:2910486292,Address:9.141.64.64:8081,Service:{ServiceKey: {namespace: "Polaris", service: "polaris-default"}, ClusterType: builtin}}
2025-11-21 15:06:00.321665Z	info	base	network/impl.go:410	get connection of builtin for System
2025-11-21 15:06:00.331146Z	info	base	common/cache_persist.go:255	Start to save cache to file /Users/zhengbangli/polaris/backup/svc#Polaris#polaris.discover#instance.json
2025-11-21 15:06:00.338029Z	info	base	network/impl.go:410	get connection of discover for ReportClient
2025-11-21 15:06:00.371867Z	info	base	inmemory/model.go:342	99642A0A-B359-45EE-B7D5-EA58401699B2, OnServiceUpdate: {namespace: "Polaris", service: "polaris.discover", event: routing}, status: CacheChanged, pending to update, oldRevision: , newRevision: 
2025-11-21 15:06:00.371880Z	info	base	inmemory/model.go:540	CacheObject: value for {namespace: "Polaris", service: "polaris.discover", event: routing} is updated, revision 
2025-11-21 15:06:00.371890Z	info	base	network/impl.go:577	discover server updated to ready 2, event is {namespace: "Polaris", service: "polaris.discover", event: routing}
2025-11-21 15:06:00.371910Z	info	base	network/conn.go:116	release connection: {ID:2910486292,Address:9.141.64.64:8081,Service:{ServiceKey: {namespace: "Polaris", service: "polaris-default"}, ClusterType: builtin}}
2025-11-21 15:06:00.371927Z	warn	base	flow/sync_flow.go:177	retryTimes 0 equals maxRetryTimes 0, get {namespace: "Polaris", service: "polaris.discover"} from cache
2025-11-21 15:06:00.371924Z	info	base	serviceinfo/service_info.go:277	service instances of {namespace: "Polaris", service: "polaris.discover"} change, oldRevision , newRevision 8a887b3d58f68a54aebfe3d471a12900a5aa4502, oldCount 0, newCount 6
2025-11-21 15:06:00.371958Z	info	base	serviceinfo/service_info.go:280	add instance of {namespace: "Polaris", service: "polaris.discover"}: 9.141.64.64:8091, status: healthy:true;isolate:false;weight:100
2025-11-21 15:06:00.371965Z	info	base	serviceinfo/service_info.go:280	add instance of {namespace: "Polaris", service: "polaris.discover"}: 30.163.16.111:8080, status: healthy:true;isolate:false;weight:100
2025-11-21 15:06:00.371970Z	info	base	serviceinfo/service_info.go:280	add instance of {namespace: "Polaris", service: "polaris.discover"}: 30.163.16.111:8091, status: healthy:true;isolate:false;weight:100
2025-11-21 15:06:00.371974Z	info	base	serviceinfo/service_info.go:280	add instance of {namespace: "Polaris", service: "polaris.discover"}: 30.163.16.111:8081, status: healthy:true;isolate:false;weight:100
2025-11-21 15:06:00.371977Z	info	base	serviceinfo/service_info.go:280	add instance of {namespace: "Polaris", service: "polaris.discover"}: 9.141.64.64:8081, status: healthy:true;isolate:false;weight:100
2025-11-21 15:06:00.371981Z	info	base	serviceinfo/service_info.go:280	add instance of {namespace: "Polaris", service: "polaris.discover"}: 9.141.64.64:8080, status: healthy:true;isolate:false;weight:100
2025-11-21 15:06:00.371988Z	info	base	schedule/routines.go:228	item {namespace: "Polaris", service: "polaris.discover"} in task circuitBreakTask has added
2025-11-21 15:06:00.371996Z	info	base	schedule/routines.go:112	task circuitBreakTask started priority
2025-11-21 15:06:00.372003Z	warn	base	flow/sync_flow.go:177	retryTimes 0 equals maxRetryTimes 0, get {namespace: "Polaris", service: "polaris.discover"} from cache
2025-11-21 15:06:00.740044Z	info	base	network/conn.go:116	release connection: {ID:181664210,Address:9.141.64.64:8081,Service:{ServiceKey: {namespace: "Polaris", service: "polaris.discover"}, ClusterType: discover}}
2025-11-21 15:06:00.740097Z	info	base	startup/client_report.go:138	current client area info is Host:30.20.170.49-{Region:, Zone:, Campus:}
2025-11-21 15:06:00.778276Z	error	base	common/discover.go:306	server error received, code 400202, info: 
2025-11-21 15:06:00.778325Z	info	base	inmemory/inmemory.go:298	99642A0A-B359-45EE-B7D5-EA58401699B2, deregister {namespace: "Test", service: "polaris.redis.discover", event: instance}
2025-11-21 15:06:00.778334Z	info	base	common/register.go:94	99642A0A-B359-45EE-B7D5-EA58401699B2, DeRegisterServiceHandler: start to add deregister task {namespace: "Test", service: "polaris.redis.discover", event: instance, initialized: firstTask}
2025-11-21 15:06:00.778350Z	info	base	common/register.go:74	99642A0A-B359-45EE-B7D5-EA58401699B2, DeRegisterServiceHandler: start to deregister task {namespace: "Test", service: "polaris.redis.discover", event: instance, initialized: firstTask}
2025-11-21 15:06:00.778377Z	info	base	common/register.go:74	99642A0A-B359-45EE-B7D5-EA58401699B2, DeRegisterServiceHandler: start to deregister task {namespace: "Test", service: "polaris.redis.discover", event: instance, initialized: retryTask}
2025-11-21 15:06:00.778386Z	error	base	flow/sync_flow.go:156	error occur while processing GetInstances request, serviceKey: {namespace: "Test", service: "polaris.redis.discover"}, time consume is 950.73825ms, error is 1 error occurred:
	* SDKError for {ServiceKey: {namespace: "Test", service: "polaris.redis.discover"}, Operation: destinationInstances}, detail is polaris-go version: 0.12.12, Polaris-1015(ErrCodeServiceNotFound): service {namespace: "Test", service: "polaris.redis.discover", event: instance} not found


2025-11-21 15:06:08.364028Z	warn	base	config/default.go:401	no IP or interface name configured
2025-11-21 15:06:08.364431Z	info	base	api/config.go:293	global clock started
2025-11-21 15:06:08.364503Z	warn	base	config/default.go:401	no IP or interface name configured
2025-11-21 15:06:08.364545Z	info	base	api/config.go:321	
-------Start to init SDKContext of version 0.12.12, IP: , PID: 17419, UID: B87FD7C6-F954-4AFB-9FC0-DA27873C9C39, CONTAINER: , HOSTNAME:-------
2025-11-21 15:06:08.364615Z	info	base	grpc/operation_async.go:88	set grpc plugin as connectionCreator
2025-11-21 15:06:08.364690Z	info	base	plugin/manage.go:236	Initialized plugin type serverConnector, name grpc, id 30
2025-11-21 15:06:08.364894Z	info	base	plugin/manage.go:236	Initialized plugin type serviceRouter, name ruleBasedRouter, id 16
2025-11-21 15:06:08.364900Z	info	base	plugin/manage.go:236	Initialized plugin type serviceRouter, name setDivisionRouter, id 17
2025-11-21 15:06:08.364905Z	info	base	plugin/manage.go:236	Initialized plugin type serviceRouter, name canaryRouter, id 12
2025-11-21 15:06:08.364909Z	info	base	plugin/manage.go:236	Initialized plugin type serviceRouter, name dstMetaRouter, id 13
2025-11-21 15:06:08.364913Z	info	base	plugin/manage.go:236	Initialized plugin type serviceRouter, name filterOnlyRouter, id 14
2025-11-21 15:06:08.365070Z	info	base	plugin/manage.go:236	Initialized plugin type serviceRouter, name nearbyBasedRouter, id 15
2025-11-21 15:06:08.365075Z	info	base	plugin/manage.go:236	Initialized plugin type loadBalancer, name hash, id 2
2025-11-21 15:06:08.365080Z	info	base	plugin/manage.go:236	Initialized plugin type loadBalancer, name maglev, id 3
2025-11-21 15:06:08.365084Z	info	base	plugin/manage.go:236	Initialized plugin type loadBalancer, name cMurmurHash, id 4
2025-11-21 15:06:08.365087Z	info	base	plugin/manage.go:236	Initialized plugin type loadBalancer, name l5cst, id 5
2025-11-21 15:06:08.365091Z	info	base	plugin/manage.go:236	Initialized plugin type loadBalancer, name ringHash, id 6
2025-11-21 15:06:08.365249Z	info	base	plugin/manage.go:236	Initialized plugin type loadBalancer, name weightedRandom, id 7
2025-11-21 15:06:08.365427Z	info	base	plugin/manage.go:236	Initialized plugin type loadBalancer, name dynamicWeightedRandom, id 22
2025-11-21 15:06:08.365435Z	info	base	plugin/manage.go:236	Initialized plugin type outlierDetector, name http, id 8
2025-11-21 15:06:08.365440Z	info	base	plugin/manage.go:236	Initialized plugin type outlierDetector, name tcp, id 9
2025-11-21 15:06:08.365444Z	info	base	plugin/manage.go:236	Initialized plugin type outlierDetector, name udp, id 10
2025-11-21 15:06:08.365448Z	info	base	plugin/manage.go:236	Initialized plugin type circuitBreaker, name errorCheck, id 19
2025-11-21 15:06:08.365453Z	info	base	plugin/manage.go:236	Initialized plugin type circuitBreaker, name errorCount, id 20
2025-11-21 15:06:08.365457Z	info	base	plugin/manage.go:236	Initialized plugin type circuitBreaker, name errorRate, id 21
2025-11-21 15:06:08.365461Z	info	base	plugin/manage.go:236	Initialized plugin type weightAdjuster, name rateDelayAdjuster, id 18
2025-11-21 15:06:08.366588Z	info	base	plugin/manage.go:236	Initialized plugin type statReporter, name stat2Monitor, id 26
2025-11-21 15:06:08.366596Z	info	base	plugin/manage.go:236	Initialized plugin type statReporter, name rateLimitRecord, id 27
2025-11-21 15:06:08.366603Z	info	base	plugin/manage.go:236	Initialized plugin type statReporter, name serviceCache, id 28
2025-11-21 15:06:08.366608Z	info	base	plugin/manage.go:236	Initialized plugin type statReporter, name serviceRoute, id 29
2025-11-21 15:06:08.366612Z	info	base	plugin/manage.go:236	Initialized plugin type alarmReporter, name alarm2file, id 1
2025-11-21 15:06:08.366617Z	info	base	inmemory/inmemory.go:166	LocalCache Real persistDir:/Users/zhengbangli/polaris/backup
2025-11-21 15:06:08.366667Z	info	base	plugin/manage.go:236	Initialized plugin type localRegistry, name inmemory, id 23
2025-11-21 15:06:08.366672Z	info	base	plugin/manage.go:236	Initialized plugin type rateLimiter, name reject, id 11
2025-11-21 15:06:08.366677Z	info	base	plugin/manage.go:236	Initialized plugin type rateLimiter, name unirate, id 24
2025-11-21 15:06:08.366680Z	info	base	plugin/manage.go:236	Initialized plugin type subScribe, name subscribeLocalChannel, id 25
2025-11-21 15:06:08.368159Z	info	base	api/config.go:348	
B87FD7C6-F954-4AFB-9FC0-DA27873C9C39, -------Configuration with default value-------
global:
  system:
    mode: 0
    discoverCluster:
      namespace: Polaris
      service: polaris.discover
      refreshInterval: 1s
    healthCheckCluster:
      namespace: Polaris
      service: polaris.healthcheck
      refreshInterval: 10m0s
    monitorCluster:
      namespace: Polaris
      service: polaris.monitor
      refreshInterval: 10m0s
    rateLimitCluster: null
    metricCluster: null
    dynamicWeightCluster:
      namespace: Polaris
      service: polaris.dynamic.weight
      refreshInterval: 10m0s
    variables: {}
    apiVersion: v2
  api:
    timeout: 10s
    bindIf: ""
    bindIP: ""
    reportInterval: 10m0s
    maxRetryTimes: 1
    retryInterval: 1s
    location:
      region: ""
      zone: ""
      campus: ""
      enableUpdate: true
  serverConnector:
    addresses:
    - 9.141.64.64:8081
    backupAddresses: []
    protocol: grpc
    connectTimeout: 500ms
    messageTimeout: 1.5s
    watchTimeout: 1m0s
    connectionIdleTimeout: 3s
    requestQueueSize: 1000
    serverSwitchInterval: 2m0s
    reconnectInterval: 500ms
    apiVersion: v2
    joinPoint: ""
    plugin:
      grpc:
        maxCallRecvMsgSize: 52428800
  statReporter:
    enable: true
    chain:
    - stat2Monitor
    - serviceCache
    - rateLimitRecord
    - serviceRoute
    plugin:
      rateLimitRecord:
        reportInterval: 1m0s
      serviceCache:
        reportInterval: 3m0s
      serviceRoute:
        reportInterval: 5m0s
      stat2Monitor:
        metricsReportWindow: 1m0s
        metricsNumBuckets: 12
consumer:
  localCache:
    serviceExpireTime: 24h0m0s
    serviceRefreshInterval: 2s
    persistDir: $HOME/polaris/backup
    enablePersistence: null
    type: inmemory
    persistMaxWriteRetry: 5
    persistMaxReadRetry: 1
    persistRetryInterval: 1s
    persistAvailableInterval: 1m0s
    startUseFileCache: true
    pushEmptyProtection: false
    plugin: {}
  serviceRouter:
    chain:
    - ruleBasedRouter
    - nearbyBasedRouter
    plugin:
      nearbyBasedRouter:
        matchLevel: zone
        maxMatchLevel: ""
        strictNearby: false
        enableDegradeByUnhealthyPercent: true
        unhealthyPercentToDegrade: 100
    percentOfMinInstances: 0
    disableRouteSourceContinue: false
    enableRecoverAll: true
  loadbalancer:
    type: weightedRandom
    plugin:
      hash:
        hashFunction: murmur3
      maglev:
        hashFunction: murmur3
        tableSize: 65537
      ringHash:
        hashFunction: murmur3
        vnodeCount: 10
  circuitBreaker:
    enable: true
    checkPeriod: 30s
    chain:
    - errorCount
    - errorRate
    - errorCheck
    sleepWindow: 30s
    requestCountAfterHalfOpen: 10
    successCountAfterHalfOpen: 8
    recoverWindow: 1m0s
    recoverNumBuckets: 10
    plugin:
      errorCount:
        continuousErrorThreshold: 10
        metricStatTimeWindow: 1m0s
        metricNumBuckets: 10
      errorRate:
        requestVolumeThreshold: 10
        errorRatePercent: 50
        errorRateThreshold: 0
        metricStatTimeWindow: 1m0s
        metricNumBuckets: 5
  healthCheck:
    interval: 10s
    chain: []
    plugin:
      http:
        timeout: 100ms
        path: ""
      tcp:
        timeout: 100ms
        retry: 0
        send: ""
        receive: ""
      udp:
        timeout: 100ms
        retry: 0
        send: ""
        receive: ""
    when: never
    concurrency: 0
  subscribe:
    type: subscribeLocalChannel
    plugin:
      subscribeLocalChannel:
        channelBufferSize: 30
  servicesSpecific:
  - namespace: Polaris
    service: polaris.discover
    serviceRouter:
      chain:
      - dstMetaRouter
      - nearbyBasedRouter
      plugin:
        nearbyBasedRouter:
          matchLevel: region
          maxMatchLevel: ""
          strictNearby: false
          enableDegradeByUnhealthyPercent: true
          unhealthyPercentToDegrade: 100
      percentOfMinInstances: 0
      disableRouteSourceContinue: false
      enableRecoverAll: true
    circuitBreaker:
      enable: true
      checkPeriod: 30s
      chain:
      - errorCount
      - errorRate
      - errorCheck
      sleepWindow: 30s
      requestCountAfterHalfOpen: 10
      successCountAfterHalfOpen: 8
      recoverWindow: 1m0s
      recoverNumBuckets: 10
      plugin:
        errorCount:
          continuousErrorThreshold: 1
          metricStatTimeWindow: 1m0s
          metricNumBuckets: 10
        errorRate:
          requestVolumeThreshold: 10
          errorRatePercent: 50
          errorRateThreshold: 0
          metricStatTimeWindow: 1m0s
          metricNumBuckets: 5
    healthCheck:
      interval: 10s
      chain: []
      plugin:
        http:
          timeout: 100ms
          path: ""
        tcp:
          timeout: 100ms
          retry: 0
          send: ""
          receive: ""
        udp:
          timeout: 100ms
          retry: 0
          send: ""
          receive: ""
      when: never
      concurrency: 0
  - namespace: Polaris
    service: polaris.healthcheck
    serviceRouter:
      chain:
      - dstMetaRouter
      - nearbyBasedRouter
      plugin:
        nearbyBasedRouter:
          matchLevel: region
          maxMatchLevel: ""
          strictNearby: false
          enableDegradeByUnhealthyPercent: true
          unhealthyPercentToDegrade: 100
      percentOfMinInstances: 0
      disableRouteSourceContinue: false
      enableRecoverAll: true
    circuitBreaker:
      enable: true
      checkPeriod: 30s
      chain:
      - errorCount
      - errorRate
      - errorCheck
      sleepWindow: 30s
      requestCountAfterHalfOpen: 10
      successCountAfterHalfOpen: 8
      recoverWindow: 1m0s
      recoverNumBuckets: 10
      plugin:
        errorCount:
          continuousErrorThreshold: 1
          metricStatTimeWindow: 1m0s
          metricNumBuckets: 10
        errorRate:
          requestVolumeThreshold: 10
          errorRatePercent: 50
          errorRateThreshold: 0
          metricStatTimeWindow: 1m0s
          metricNumBuckets: 5
    healthCheck:
      interval: 10s
      chain: []
      plugin:
        http:
          timeout: 100ms
          path: ""
        tcp:
          timeout: 100ms
          retry: 0
          send: ""
          receive: ""
        udp:
          timeout: 100ms
          retry: 0
          send: ""
          receive: ""
      when: never
      concurrency: 0
  - namespace: Polaris
    service: polaris.monitor
    serviceRouter:
      chain:
      - dstMetaRouter
      - nearbyBasedRouter
      plugin:
        nearbyBasedRouter:
          matchLevel: region
          maxMatchLevel: ""
          strictNearby: false
          enableDegradeByUnhealthyPercent: true
          unhealthyPercentToDegrade: 100
      percentOfMinInstances: 0
      disableRouteSourceContinue: false
      enableRecoverAll: true
    circuitBreaker:
      enable: true
      checkPeriod: 30s
      chain:
      - errorCount
      - errorRate
      - errorCheck
      sleepWindow: 30s
      requestCountAfterHalfOpen: 10
      successCountAfterHalfOpen: 8
      recoverWindow: 1m0s
      recoverNumBuckets: 10
      plugin:
        errorCount:
          continuousErrorThreshold: 1
          metricStatTimeWindow: 1m0s
          metricNumBuckets: 10
        errorRate:
          requestVolumeThreshold: 10
          errorRatePercent: 50
          errorRateThreshold: 0
          metricStatTimeWindow: 1m0s
          metricNumBuckets: 5
    healthCheck:
      interval: 10s
      chain: []
      plugin:
        http:
          timeout: 100ms
          path: ""
        tcp:
          timeout: 100ms
          retry: 0
          send: ""
          receive: ""
        udp:
          timeout: 100ms
          retry: 0
          send: ""
          receive: ""
      when: never
      concurrency: 0
  - namespace: Polaris
    service: polaris.dynamic.weight
    serviceRouter:
      chain:
      - dstMetaRouter
      - nearbyBasedRouter
      plugin:
        nearbyBasedRouter:
          matchLevel: region
          maxMatchLevel: ""
          strictNearby: false
          enableDegradeByUnhealthyPercent: true
          unhealthyPercentToDegrade: 100
      percentOfMinInstances: 0
      disableRouteSourceContinue: false
      enableRecoverAll: true
    circuitBreaker:
      enable: true
      checkPeriod: 30s
      chain:
      - errorCount
      - errorRate
      - errorCheck
      sleepWindow: 30s
      requestCountAfterHalfOpen: 10
      successCountAfterHalfOpen: 8
      recoverWindow: 1m0s
      recoverNumBuckets: 10
      plugin:
        errorCount:
          continuousErrorThreshold: 1
          metricStatTimeWindow: 1m0s
          metricNumBuckets: 10
        errorRate:
          requestVolumeThreshold: 10
          errorRatePercent: 50
          errorRateThreshold: 0
          metricStatTimeWindow: 1m0s
          metricNumBuckets: 5
    healthCheck:
      interval: 10s
      chain: []
      plugin:
        http:
          timeout: 100ms
          path: ""
        tcp:
          timeout: 100ms
          retry: 0
          send: ""
          receive: ""
        udp:
          timeout: 100ms
          retry: 0
          send: ""
          receive: ""
      when: never
      concurrency: 0
provider:
  rateLimit:
    enable: true
    plugin:
      unirate:
        maxQueuingTime: 1s
    mode: "\x01"
    rateLimitCluster:
      namespace: ""
      service: ""
      refreshInterval: 10m0s
    maxWindowSize: 20000
    purgeInterval: 1m0s

2025-11-21 15:06:08.368180Z	info	base	api/config.go:353	
-------B87FD7C6-F954-4AFB-9FC0-DA27873C9C39, All plugins and engine initialized successfully-------
2025-11-21 15:06:08.368344Z	info	base	network/impl.go:370	connectionManager start updateDiscover
2025-11-21 15:06:08.368312Z	info	base	common/cache_persist.go:182	Start to load cache from /Users/zhengbangli/polaris/backup/client_info.json
2025-11-21 15:06:08.368412Z	warn	base	startup/client_report.go:72	fail to load local region info from client_info.json, err is load message from /Users/zhengbangli/polaris/backup/client_info.json failed after retry 0 times polaris-go version: 0.12.12, Polaris-3001(ErrCodeUnknown): fail to read file cache, cause: open /Users/zhengbangli/polaris/backup/client_info.json: permission denied
2025-11-21 15:06:08.368444Z	info	base	schedule/routines.go:228	item clientReportTask in task clientReportTask has added
2025-11-21 15:06:08.368432Z	info	base	inmemory/inmemory.go:1201	start to add load cache task for {namespace: "Polaris", service: "polaris.discover", event: instance}
2025-11-21 15:06:08.368453Z	info	base	schedule/routines.go:115	task clientReportTask started period 5m0s
2025-11-21 15:06:08.368460Z	info	base	inmemory/inmemory.go:550	B87FD7C6-F954-4AFB-9FC0-DA27873C9C39, start to register event handler for {namespace: "Polaris", service: "polaris.discover", event: instance}
2025-11-21 15:06:08.368467Z	info	base	schedule/routines.go:277	task clientReportTask has been started
2025-11-21 15:06:08.368479Z	info	base	schedule/routines.go:228	item sdkConfigReportTask in task sdkConfigReportTask has added
2025-11-21 15:06:08.368483Z	info	base	common/register.go:52	B87FD7C6-F954-4AFB-9FC0-DA27873C9C39, addTask: start to add first task for {namespace: "Polaris", service: "polaris.discover", event: instance, initialized: firstTask}
2025-11-21 15:06:08.368484Z	info	base	schedule/routines.go:115	task sdkConfigReportTask started period 2m30s
2025-11-21 15:06:08.368499Z	info	base	schedule/routines.go:277	task sdkConfigReportTask has been started
2025-11-21 15:06:08.368504Z	info	base	api/config.go:363	
-------B87FD7C6-F954-4AFB-9FC0-DA27873C9C39, All plugins and engine started successfully-------
2025-11-21 15:06:08.368491Z	info	base	common/register.go:65	B87FD7C6-F954-4AFB-9FC0-DA27873C9C39, addTask: finish add first task for {namespace: "Polaris", service: "polaris.discover", event: instance, initialized: firstTask}
2025-11-21 15:06:08.368518Z	info	base	inmemory/inmemory.go:552	B87FD7C6-F954-4AFB-9FC0-DA27873C9C39, finish register event handler for {namespace: "Polaris", service: "polaris.discover", event: instance}, err <nil>
2025-11-21 15:06:08.368511Z	info	base	api/config.go:371	
-------B87FD7C6-F954-4AFB-9FC0-DA27873C9C39, SDKContext init successfully-------
2025-11-21 15:06:08.368525Z	info	base	inmemory/inmemory.go:1201	start to add load cache task for {namespace: "Polaris", service: "polaris.discover", event: routing}
2025-11-21 15:06:08.368545Z	info	base	inmemory/inmemory.go:1201	start to add load cache task for {namespace: "Polaris", service: "polaris.redis.discover", event: instance}
2025-11-21 15:06:08.368559Z	info	base	inmemory/inmemory.go:550	B87FD7C6-F954-4AFB-9FC0-DA27873C9C39, start to register event handler for {namespace: "Polaris", service: "polaris.redis.discover", event: instance}
2025-11-21 15:06:08.368568Z	info	base	common/register.go:52	B87FD7C6-F954-4AFB-9FC0-DA27873C9C39, addTask: start to add first task for {namespace: "Polaris", service: "polaris.redis.discover", event: instance, initialized: firstTask}
2025-11-21 15:06:08.368573Z	info	base	common/register.go:65	B87FD7C6-F954-4AFB-9FC0-DA27873C9C39, addTask: finish add first task for {namespace: "Polaris", service: "polaris.redis.discover", event: instance, initialized: firstTask}
2025-11-21 15:06:08.368578Z	info	base	inmemory/inmemory.go:552	B87FD7C6-F954-4AFB-9FC0-DA27873C9C39, finish register event handler for {namespace: "Polaris", service: "polaris.redis.discover", event: instance}, err <nil>
2025-11-21 15:06:08.368550Z	info	base	inmemory/inmemory.go:550	B87FD7C6-F954-4AFB-9FC0-DA27873C9C39, start to register event handler for {namespace: "Polaris", service: "polaris.discover", event: routing}
2025-11-21 15:06:08.368605Z	info	base	common/register.go:52	B87FD7C6-F954-4AFB-9FC0-DA27873C9C39, addTask: start to add first task for {namespace: "Polaris", service: "polaris.discover", event: routing, initialized: firstTask}
2025-11-21 15:06:08.368616Z	info	base	common/register.go:65	B87FD7C6-F954-4AFB-9FC0-DA27873C9C39, addTask: finish add first task for {namespace: "Polaris", service: "polaris.discover", event: routing, initialized: firstTask}
2025-11-21 15:06:08.368622Z	info	base	inmemory/inmemory.go:552	B87FD7C6-F954-4AFB-9FC0-DA27873C9C39, finish register event handler for {namespace: "Polaris", service: "polaris.discover", event: routing}, err <nil>
2025-11-21 15:06:08.368584Z	info	base	common/discover.go:181	receive init task: {namespace: "Polaris", service: "polaris.redis.discover", event: instance, initialized: firstTask}
2025-11-21 15:06:08.368641Z	info	base	network/impl.go:410	get connection of discover for Discover
2025-11-21 15:06:08.368707Z	info	base	network/impl.go:410	get connection of builtin for System
2025-11-21 15:06:08.370371Z	info	base	grpc/creator.go:88	localAddress from connection is 30.20.170.49:56023, IP is 30.20.170.49, hashValue is 8804029340865530273
2025-11-21 15:06:08.468796Z	error	base	common/cache_persist.go:130	fail to load cache from file svcV2#Polaris#polaris.discover#instance.json, svcKey: {namespace: "Polaris", service: "polaris.discover", event: instance}, error is Fail to Stat the cache file name /Users/zhengbangli/polaris/backup/svcV2#Polaris#polaris.discover#instance.json:  stat /Users/zhengbangli/polaris/backup/svcV2#Polaris#polaris.discover#instance.json: no such file or directory
2025-11-21 15:06:08.468829Z	info	base	common/cache_persist.go:182	Start to load cache from /Users/zhengbangli/polaris/backup/svc#Polaris#polaris.discover#instance.json
2025-11-21 15:06:08.468885Z	error	base	common/cache_persist.go:130	fail to load cache from file svc#Polaris#polaris.discover#instance.json, svcKey: {namespace: "Polaris", service: "polaris.discover", event: instance}, error is load message from /Users/zhengbangli/polaris/backup/svc#Polaris#polaris.discover#instance.json failed after retry 0 times polaris-go version: 0.12.12, Polaris-3001(ErrCodeUnknown): fail to read file cache, cause: open /Users/zhengbangli/polaris/backup/svc#Polaris#polaris.discover#instance.json: permission denied
2025-11-21 15:06:08.468945Z	error	base	common/cache_persist.go:130	fail to load cache from file svcV2#Polaris#polaris.discover#routing.json, svcKey: {namespace: "Polaris", service: "polaris.discover", event: routing}, error is Fail to Stat the cache file name /Users/zhengbangli/polaris/backup/svcV2#Polaris#polaris.discover#routing.json:  stat /Users/zhengbangli/polaris/backup/svcV2#Polaris#polaris.discover#routing.json: no such file or directory
2025-11-21 15:06:08.469061Z	info	base	common/cache_persist.go:182	Start to load cache from /Users/zhengbangli/polaris/backup/svc#Polaris#polaris.discover#routing.json
2025-11-21 15:06:08.469131Z	error	base	common/cache_persist.go:130	fail to load cache from file svc#Polaris#polaris.discover#routing.json, svcKey: {namespace: "Polaris", service: "polaris.discover", event: routing}, error is load message from /Users/zhengbangli/polaris/backup/svc#Polaris#polaris.discover#routing.json failed after retry 0 times polaris-go version: 0.12.12, Polaris-3001(ErrCodeUnknown): fail to read file cache, cause: open /Users/zhengbangli/polaris/backup/svc#Polaris#polaris.discover#routing.json: permission denied
2025-11-21 15:06:08.469306Z	error	base	common/cache_persist.go:130	fail to load cache from file svcV2#Polaris#polaris.redis.discover#instance.json, svcKey: {namespace: "Polaris", service: "polaris.redis.discover", event: instance}, error is Fail to Stat the cache file name /Users/zhengbangli/polaris/backup/svcV2#Polaris#polaris.redis.discover#instance.json:  stat /Users/zhengbangli/polaris/backup/svcV2#Polaris#polaris.redis.discover#instance.json: no such file or directory
2025-11-21 15:06:08.469330Z	error	base	common/cache_persist.go:130	fail to load cache from file svc#Polaris#polaris.redis.discover#instance.json, svcKey: {namespace: "Polaris", service: "polaris.redis.discover", event: instance}, error is Fail to Stat the cache file name /Users/zhengbangli/polaris/backup/svc#Polaris#polaris.redis.discover#instance.json:  stat /Users/zhengbangli/polaris/backup/svc#Polaris#polaris.redis.discover#instance.json: no such file or directory
2025-11-21 15:06:08.575032Z	info	base	inmemory/model.go:342	B87FD7C6-F954-4AFB-9FC0-DA27873C9C39, OnServiceUpdate: {namespace: "Polaris", service: "polaris.discover", event: instance}, status: CacheChanged, pending to update, oldRevision: , newRevision: 8a887b3d58f68a54aebfe3d471a12900a5aa4502
2025-11-21 15:06:08.575076Z	info	base	inmemory/model.go:540	CacheObject: value for {namespace: "Polaris", service: "polaris.discover", event: instance} is updated, revision 8a887b3d58f68a54aebfe3d471a12900a5aa4502
2025-11-21 15:06:08.575092Z	info	base	network/impl.go:577	discover server updated to ready 1, event is {namespace: "Polaris", service: "polaris.discover", event: instance}
2025-11-21 15:06:08.575106Z	info	base	network/conn.go:116	release connection: {ID:3068962037,Address:9.141.64.64:8081,Service:{ServiceKey: {namespace: "Polaris", service: "polaris-default"}, ClusterType: builtin}}
2025-11-21 15:06:08.575123Z	info	base	network/impl.go:410	get connection of builtin for System
2025-11-21 15:06:08.624028Z	info	base	inmemory/model.go:342	B87FD7C6-F954-4AFB-9FC0-DA27873C9C39, OnServiceUpdate: {namespace: "Polaris", service: "polaris.discover", event: routing}, status: CacheChanged, pending to update, oldRevision: , newRevision: 
2025-11-21 15:06:08.624057Z	info	base	inmemory/model.go:540	CacheObject: value for {namespace: "Polaris", service: "polaris.discover", event: routing} is updated, revision 
2025-11-21 15:06:08.624077Z	info	base	network/impl.go:577	discover server updated to ready 2, event is {namespace: "Polaris", service: "polaris.discover", event: routing}
2025-11-21 15:06:08.624108Z	info	base	network/conn.go:116	release connection: {ID:3068962037,Address:9.141.64.64:8081,Service:{ServiceKey: {namespace: "Polaris", service: "polaris-default"}, ClusterType: builtin}}
2025-11-21 15:06:08.624129Z	warn	base	flow/sync_flow.go:177	retryTimes 0 equals maxRetryTimes 0, get {namespace: "Polaris", service: "polaris.discover"} from cache
2025-11-21 15:06:08.624132Z	info	base	serviceinfo/service_info.go:277	service instances of {namespace: "Polaris", service: "polaris.discover"} change, oldRevision , newRevision 8a887b3d58f68a54aebfe3d471a12900a5aa4502, oldCount 0, newCount 6
2025-11-21 15:06:08.624189Z	info	base	serviceinfo/service_info.go:280	add instance of {namespace: "Polaris", service: "polaris.discover"}: 9.141.64.64:8091, status: healthy:true;isolate:false;weight:100
2025-11-21 15:06:08.624208Z	info	base	serviceinfo/service_info.go:280	add instance of {namespace: "Polaris", service: "polaris.discover"}: 30.163.16.111:8080, status: healthy:true;isolate:false;weight:100
2025-11-21 15:06:08.624217Z	info	base	serviceinfo/service_info.go:280	add instance of {namespace: "Polaris", service: "polaris.discover"}: 30.163.16.111:8091, status: healthy:true;isolate:false;weight:100
2025-11-21 15:06:08.624225Z	info	base	serviceinfo/service_info.go:280	add instance of {namespace: "Polaris", service: "polaris.discover"}: 30.163.16.111:8081, status: healthy:true;isolate:false;weight:100
2025-11-21 15:06:08.624231Z	info	base	serviceinfo/service_info.go:280	add instance of {namespace: "Polaris", service: "polaris.discover"}: 9.141.64.64:8081, status: healthy:true;isolate:false;weight:100
2025-11-21 15:06:08.624238Z	info	base	serviceinfo/service_info.go:280	add instance of {namespace: "Polaris", service: "polaris.discover"}: 9.141.64.64:8080, status: healthy:true;isolate:false;weight:100
2025-11-21 15:06:08.624251Z	info	base	schedule/routines.go:228	item {namespace: "Polaris", service: "polaris.discover"} in task circuitBreakTask has added
2025-11-21 15:06:08.624264Z	info	base	schedule/routines.go:112	task circuitBreakTask started priority
2025-11-21 15:06:08.624278Z	warn	base	flow/sync_flow.go:177	retryTimes 0 equals maxRetryTimes 0, get {namespace: "Polaris", service: "polaris.discover"} from cache
2025-11-21 15:06:08.626846Z	info	base	grpc/operation_sync.go:181	B87FD7C6-F954-4AFB-9FC0-DA27873C9C39, waitDiscover: discover service is ready
2025-11-21 15:06:08.626877Z	info	base	network/impl.go:410	get connection of discover for ReportClient
2025-11-21 15:06:08.668681Z	info	base	common/cache_persist.go:255	Start to save cache to file /Users/zhengbangli/polaris/backup/svc#Polaris#polaris.discover#instance.json
2025-11-21 15:06:08.843543Z	info	base	network/conn.go:116	release connection: {ID:495242448,Address:9.141.64.64:8081,Service:{ServiceKey: {namespace: "Polaris", service: "polaris.discover"}, ClusterType: discover}}
2025-11-21 15:06:08.843612Z	info	base	startup/client_report.go:138	current client area info is Host:30.20.170.49-{Region:, Zone:, Campus:}
2025-11-21 15:06:08.906069Z	info	base	inmemory/model.go:342	B87FD7C6-F954-4AFB-9FC0-DA27873C9C39, OnServiceUpdate: {namespace: "Polaris", service: "polaris.redis.discover", event: instance}, status: CacheChanged, pending to update, oldRevision: , newRevision: 325fa0b5fffd3a0479e13b76bed305a9108563f5
2025-11-21 15:06:08.906142Z	info	base	inmemory/model.go:540	CacheObject: value for {namespace: "Polaris", service: "polaris.redis.discover", event: instance} is updated, revision 325fa0b5fffd3a0479e13b76bed305a9108563f5
2025-11-21 15:06:08.906209Z	info	base	serviceinfo/service_info.go:277	service instances of {namespace: "Polaris", service: "polaris.redis.discover"} change, oldRevision , newRevision 325fa0b5fffd3a0479e13b76bed305a9108563f5, oldCount 0, newCount 2
2025-11-21 15:06:08.906236Z	info	base	serviceinfo/service_info.go:280	add instance of {namespace: "Polaris", service: "polaris.redis.discover"}: 9.146.203.38:6379, status: healthy:true;isolate:true;weight:100
2025-11-21 15:06:08.906246Z	info	base	serviceinfo/service_info.go:280	add instance of {namespace: "Polaris", service: "polaris.redis.discover"}: 9.141.69.182:6379, status: healthy:true;isolate:false;weight:100
2025-11-21 15:06:08.906263Z	info	base	schedule/routines.go:228	item {namespace: "Polaris", service: "polaris.redis.discover"} in task circuitBreakTask has added
